../Core/Src/ToF/vl53l1_core.c:42:7:VL53L1_init_version	24	static
../Core/Src/ToF/vl53l1_core.c:56:7:VL53L1_init_ll_driver_state	24	static
../Core/Src/ToF/vl53l1_core.c:80:15:VL53L1_update_ll_driver_rd_state	40	static
../Core/Src/ToF/vl53l1_core.c:214:14:VL53L1_check_ll_driver_rd_state	64	static
../Core/Src/ToF/vl53l1_core.c:325:15:VL53L1_update_ll_driver_cfg_state	48	static
../Core/Src/ToF/vl53l1_core.c:475:6:VL53L1_copy_rtn_good_spads_to_buffer	16	static
../Core/Src/ToF/vl53l1_core.c:516:6:VL53L1_init_system_results	16	static
../Core/Src/ToF/vl53l1_core.c:552:6:V53L1_init_zone_results_structure	24	static
../Core/Src/ToF/vl53l1_core.c:574:6:V53L1_init_zone_dss_configs	32	static
../Core/Src/ToF/vl53l1_core.c:594:6:VL53L1_init_histogram_config_structure	24	static
../Core/Src/ToF/vl53l1_core.c:666:6:VL53L1_init_histogram_multizone_config_structure	24	static
../Core/Src/ToF/vl53l1_core.c:738:6:VL53L1_init_xtalk_bin_data_struct	40	static
../Core/Src/ToF/vl53l1_core.c:773:6:VL53L1_i2c_encode_uint16_t	24	static
../Core/Src/ToF/vl53l1_core.c:791:10:VL53L1_i2c_decode_uint16_t	24	static
../Core/Src/ToF/vl53l1_core.c:806:6:VL53L1_i2c_encode_int16_t	24	static
../Core/Src/ToF/vl53l1_core.c:824:9:VL53L1_i2c_decode_int16_t	24	static
../Core/Src/ToF/vl53l1_core.c:842:6:VL53L1_i2c_encode_uint32_t	32	static
../Core/Src/ToF/vl53l1_core.c:860:10:VL53L1_i2c_decode_uint32_t	24	static
../Core/Src/ToF/vl53l1_core.c:875:10:VL53L1_i2c_decode_with_mask	32	static
../Core/Src/ToF/vl53l1_core.c:902:6:VL53L1_i2c_encode_int32_t	32	static
../Core/Src/ToF/vl53l1_core.c:920:9:VL53L1_i2c_decode_int32_t	24	static
../Core/Src/ToF/vl53l1_core.c:939:14:VL53L1_start_test	32	static
../Core/Src/ToF/vl53l1_core.c:962:14:VL53L1_set_firmware_enable_register	32	static
../Core/Src/ToF/vl53l1_core.c:981:14:VL53L1_enable_firmware	32	static
../Core/Src/ToF/vl53l1_core.c:998:14:VL53L1_disable_firmware	32	static
../Core/Src/ToF/vl53l1_core.c:1015:14:VL53L1_set_powerforce_register	32	static
../Core/Src/ToF/vl53l1_core.c:1035:14:VL53L1_enable_powerforce	32	static
../Core/Src/ToF/vl53l1_core.c:1052:14:VL53L1_disable_powerforce	32	static
../Core/Src/ToF/vl53l1_core.c:1069:14:VL53L1_clear_interrupt	32	static
../Core/Src/ToF/vl53l1_core.c:1092:14:VL53L1_force_shadow_stream_count_to_zero	32	static
../Core/Src/ToF/vl53l1_core.c:1116:10:VL53L1_calc_macro_period_us	40	static
../Core/Src/ToF/vl53l1_core.c:1154:10:VL53L1_calc_range_ignore_threshold	48	static
../Core/Src/ToF/vl53l1_core.c:1216:10:VL53L1_calc_timeout_mclks	24	static
../Core/Src/ToF/vl53l1_core.c:1239:10:VL53L1_calc_encoded_timeout	32	static
../Core/Src/ToF/vl53l1_core.c:1264:10:VL53L1_calc_timeout_us	56	static
../Core/Src/ToF/vl53l1_core.c:1288:10:VL53L1_calc_crosstalk_plane_offset_with_margin	24	static
../Core/Src/ToF/vl53l1_core.c:1315:10:VL53L1_calc_decoded_timeout_us	24	static
../Core/Src/ToF/vl53l1_core.c:1338:10:VL53L1_encode_timeout	32	static
../Core/Src/ToF/vl53l1_core.c:1362:10:VL53L1_decode_timeout	24	static
../Core/Src/ToF/vl53l1_core.c:1375:14:VL53L1_calc_timeout_register_values	48	static
../Core/Src/ToF/vl53l1_core.c:1472:9:VL53L1_encode_vcsel_period	24	static
../Core/Src/ToF/vl53l1_core.c:1484:10:VL53L1_decode_unsigned_integer	24	static
../Core/Src/ToF/vl53l1_core.c:1500:6:VL53L1_encode_unsigned_integer	32	static
../Core/Src/ToF/vl53l1_core.c:1518:15:VL53L1_hist_copy_and_scale_ambient_info	96	static
../Core/Src/ToF/vl53l1_core.c:1576:7:VL53L1_hist_get_bin_sequence_config	32	static
../Core/Src/ToF/vl53l1_core.c:1730:15:VL53L1_hist_phase_consistency_check	96	static
../Core/Src/ToF/vl53l1_core.c:1868:15:VL53L1_hist_events_consistency_check	232	static
../Core/Src/ToF/vl53l1_core.c:1993:15:VL53L1_hist_merged_pulse_check	32	static
../Core/Src/ToF/vl53l1_core.c:2022:15:VL53L1_hist_xmonitor_consistency_check	80	static
../Core/Src/ToF/vl53l1_core.c:2079:15:VL53L1_hist_wrap_dmax	40	static
../Core/Src/ToF/vl53l1_core.c:2125:6:VL53L1_hist_combine_mm1_mm2_offsets	80	static
../Core/Src/ToF/vl53l1_core.c:2209:14:VL53L1_hist_xtalk_extract_calc_window	40	static
../Core/Src/ToF/vl53l1_core.c:2328:14:VL53L1_hist_xtalk_extract_calc_event_sums	32	static
../Core/Src/ToF/vl53l1_core.c:2383:14:VL53L1_hist_xtalk_extract_calc_rate_per_spad	128	static
../Core/Src/ToF/vl53l1_core.c:2442:14:VL53L1_hist_xtalk_extract_calc_shape	112	static
../Core/Src/ToF/vl53l1_core.c:2534:14:VL53L1_hist_xtalk_shape_model	64	static
../Core/Src/ToF/vl53l1_core.c:2623:10:VL53L1_hist_xtalk_shape_model_interp	24	static
../Core/Src/ToF/vl53l1_core.c:2648:6:VL53L1_spad_number_to_byte_bit_index	24	static
../Core/Src/ToF/vl53l1_core.c:2664:6:VL53L1_encode_row_col	16	static
../Core/Src/ToF/vl53l1_core.c:2679:6:VL53L1_decode_zone_size	24	static
../Core/Src/ToF/vl53l1_core.c:2693:6:VL53L1_encode_zone_size	16	static
../Core/Src/ToF/vl53l1_core.c:2705:6:VL53L1_decode_zone_limits	48	static
../Core/Src/ToF/vl53l1_core.c:2753:9:VL53L1_is_aperture_location	32	static
../Core/Src/ToF/vl53l1_core.c:2773:6:VL53L1_calc_max_effective_spads	64	static
../Core/Src/ToF/vl53l1_core.c:2851:6:VL53L1_calc_mm_effective_spads	72	static
../Core/Src/ToF/vl53l1_core.c:2955:6:VL53L1_hist_copy_results_to_sys_and_core	40	static
../Core/Src/ToF/vl53l1_core.c:3046:14:VL53L1_sum_histogram_data	24	static
../Core/Src/ToF/vl53l1_core.c:3089:14:VL53L1_avg_histogram_data	40	static
../Core/Src/ToF/vl53l1_core.c:3136:14:VL53L1_save_cfg_data	40	static
../Core/Src/ToF/vl53l1_core.c:3174:14:VL53L1_dynamic_zone_update	56	static
../Core/Src/ToF/vl53l1_core.c:3292:14:VL53L1_multizone_hist_bins_update	48	static
../Core/Src/ToF/vl53l1_core.c:3401:14:VL53L1_update_internal_stream_counters	48	static
../Core/Src/ToF/vl53l1_core.c:3456:14:VL53L1_set_histogram_multizone_initial_bin_config	32	static
../Core/Src/ToF/vl53l1_core.c:3518:9:VL53L1_encode_GPIO_interrupt_config	24	static
../Core/Src/ToF/vl53l1_core.c:3534:32:VL53L1_decode_GPIO_interrupt_config	32	static
../Core/Src/ToF/vl53l1_core.c:3556:14:VL53L1_set_GPIO_distance_threshold	24	static
../Core/Src/ToF/vl53l1_core.c:3576:14:VL53L1_set_GPIO_rate_threshold	24	static
../Core/Src/ToF/vl53l1_core.c:3596:14:VL53L1_set_GPIO_thresholds_from_struct	32	static
../Core/Src/ToF/vl53l1_core.c:3622:14:VL53L1_set_ref_spad_char_config	56	static
../Core/Src/ToF/vl53l1_core.c:3726:14:VL53L1_set_ssc_config	48	static
../Core/Src/ToF/vl53l1_core.c:3812:14:VL53L1_get_spad_rate_data	552	static
../Core/Src/ToF/vl53l1_core.c:3868:14:VL53L1_dynamic_xtalk_correction_calc_required_samples	144	static
../Core/Src/ToF/vl53l1_core.c:3921:14:VL53L1_dynamic_xtalk_correction_calc_new_xtalk	88	static
../Core/Src/ToF/vl53l1_core.c:4120:14:VL53L1_dynamic_xtalk_correction_corrector	184	static
../Core/Src/ToF/vl53l1_core.c:4460:14:VL53L1_dynamic_xtalk_correction_data_init	32	static
../Core/Src/ToF/vl53l1_core.c:4538:14:VL53L1_dynamic_xtalk_correction_output_init	24	static
../Core/Src/ToF/vl53l1_core.c:4573:14:VL53L1_xtalk_cal_data_init	32	static
../Core/Src/ToF/vl53l1_core.c:4605:14:VL53L1_low_power_auto_data_init	24	static
../Core/Src/ToF/vl53l1_core.c:4635:14:VL53L1_low_power_auto_data_stop_range	24	static
../Core/Src/ToF/vl53l1_core.c:4673:14:VL53L1_config_low_power_auto_mode	32	static
../Core/Src/ToF/vl53l1_core.c:4709:14:VL53L1_low_power_auto_setup_manual_calibration	24	static
../Core/Src/ToF/vl53l1_core.c:4746:14:VL53L1_low_power_auto_update_DSS	32	static
../Core/Src/ToF/vl53l1_core.c:4843:14:VL53L1_compute_nb_frame_in_buffer	48	static
../Core/Src/ToF/vl53l1_core.c:4866:14:VL53L1_compute_histo_merge_nb	48	static
