../Core/Src/ToF_platform/vl53l1_platform.c:88:5:_I2CWrite	48	static
../Core/Src/ToF_platform/vl53l1_platform.c:100:5:_I2CRead	48	static
../Core/Src/ToF_platform/vl53l1_platform.c:112:14:VL53L1_WriteMulti	32	static
../Core/Src/ToF_platform/vl53l1_platform.c:131:14:VL53L1_ReadMulti	40	static
../Core/Src/ToF_platform/vl53l1_platform.c:152:14:VL53L1_WrByte	32	static
../Core/Src/ToF_platform/vl53l1_platform.c:169:14:VL53L1_WrWord	32	static
../Core/Src/ToF_platform/vl53l1_platform.c:187:14:VL53L1_WrDWord	40	static
../Core/Src/ToF_platform/vl53l1_platform.c:205:14:VL53L1_UpdateByte	40	static
../Core/Src/ToF_platform/vl53l1_platform.c:219:14:VL53L1_RdByte	40	static
../Core/Src/ToF_platform/vl53l1_platform.c:240:14:VL53L1_RdWord	40	static
../Core/Src/ToF_platform/vl53l1_platform.c:265:14:VL53L1_RdDWord	40	static
../Core/Src/ToF_platform/vl53l1_platform.c:300:14:VL53L1_WaitMs	16	static
../Core/Src/ToF_platform/vl53l1_platform.c:306:14:VL53L1_WaitUs	16	static
../Core/Src/ToF_platform/vl53l1_platform.c:312:14:VL53L1_GetTickCount	24	static
../Core/Src/ToF_platform/vl53l1_platform.c:334:14:VL53L1_WaitValueMaskEx	568	static
