../Core/Src/main.c:83:5:main	24	static
../Core/Src/main.c:175:6:SystemClock_Config	112	static
../Core/Src/main.c:226:13:MX_NVIC_Init	8	static
../Core/Src/main.c:241:13:MX_I2C1_Init	8	static
../Core/Src/main.c:289:13:MX_USART2_UART_Init	8	static
../Core/Src/main.c:324:13:MX_GPIO_Init	48	static
../Core/Src/main.c:379:13:TOF1_Init	8	static
../Core/Src/main.c:387:13:TOF2_Init	8	static
../Core/Src/main.c:395:13:TOF3_Init	8	static
../Core/Src/main.c:403:13:TOF4_Init	8	static
../Core/Src/main.c:416:1:__io_putchar	16	static
../Core/Src/main.c:431:6:Error_Handler	8	static,ignoring_inline_asm
