../Core/Src/main.c:82:5:main	16	static
../Core/Src/main.c:165:6:SystemClock_Config	112	static
../Core/Src/main.c:216:13:MX_NVIC_Init	8	static
../Core/Src/main.c:231:13:MX_I2C1_Init	8	static
../Core/Src/main.c:279:13:MX_USART2_UART_Init	8	static
../Core/Src/main.c:314:13:MX_GPIO_Init	48	static
../Core/Src/main.c:369:13:TOFxpos_Init	8	static
../Core/Src/main.c:377:13:TOFxneg_Init	8	static
../Core/Src/main.c:385:13:TOFypos_Init	8	static
../Core/Src/main.c:393:13:TOFyneg_Init	8	static
../Core/Src/main.c:406:1:__io_putchar	16	static
../Core/Src/main.c:421:6:Error_Handler	8	static,ignoring_inline_asm
